2025-12-11 10:26:24,866 - INFO - Logging initialized. File: /home/hset-paing/Desktop/code_folder/python_learning/learning/LanfengSaleData/dist/app_debug.log
2025-12-11 10:51:00,626 - INFO - Logging initialized. File: /home/hset-paing/Desktop/code_folder/python_learning/learning/LanfengSaleData/dist/app_debug.log
2025-12-11 10:51:32,273 - INFO - Logging initialized. File: /home/hset-paing/Desktop/code_folder/python_learning/learning/LanfengSaleData/dist/app_debug.log
2025-12-11 10:53:16,539 - INFO - Logging initialized. File: /home/hset-paing/Desktop/code_folder/python_learning/learning/LanfengSaleData/dist/app_debug.log
2025-12-11 10:53:35,285 - INFO - Connecting to SSH: 192.168.0.100:22 as pos
2025-12-11 10:53:35,287 - ERROR - Connection Failed
Traceback (most recent call last):
  File "LanfengSaleAnalysis.py", line 310, in connect_process
  File "sshtunnel.py", line 966, in __init__
  File "sshtunnel.py", line 1148, in _consolidate_auth
  File "sshtunnel.py", line 1093, in get_keys
AttributeError: module 'paramiko' has no attribute 'DSSKey'. Did you mean: 'RSAKey'?
2025-12-11 10:54:00,228 - INFO - Logging initialized. File: /home/hset-paing/Desktop/code_folder/python_learning/learning/LanfengSaleData/dist/app_debug.log
2025-12-11 10:54:05,509 - INFO - Connecting to SSH: 192.168.0.100:22 as pos
2025-12-11 10:54:05,510 - ERROR - Connection Failed
Traceback (most recent call last):
  File "LanfengSaleAnalysis.py", line 310, in connect_process
  File "sshtunnel.py", line 966, in __init__
  File "sshtunnel.py", line 1148, in _consolidate_auth
  File "sshtunnel.py", line 1093, in get_keys
AttributeError: module 'paramiko' has no attribute 'DSSKey'. Did you mean: 'RSAKey'?
2025-12-11 10:56:01,946 - INFO - Logging initialized. File: /home/hset-paing/Desktop/code_folder/python_learning/learning/LanfengSaleData/dist/app_debug.log
2025-12-11 10:56:05,910 - INFO - Connecting to SSH: 192.168.0.100:22 as pos
2025-12-11 10:56:05,911 - ERROR - Connection Failed
Traceback (most recent call last):
  File "LanfengSaleAnalysis.py", line 310, in connect_process
  File "sshtunnel.py", line 966, in __init__
  File "sshtunnel.py", line 1148, in _consolidate_auth
  File "sshtunnel.py", line 1093, in get_keys
AttributeError: module 'paramiko' has no attribute 'DSSKey'. Did you mean: 'RSAKey'?
2025-12-11 10:56:29,961 - INFO - Logging initialized. File: /home/hset-paing/Desktop/code_folder/python_learning/learning/LanfengSaleData/dist/app_debug.log
2025-12-11 10:56:35,489 - INFO - Connecting to SSH: 192.168.0.100:22 as pos
2025-12-11 10:56:35,491 - ERROR - Connection Failed
Traceback (most recent call last):
  File "LanfengSaleAnalysis.py", line 310, in connect_process
  File "sshtunnel.py", line 966, in __init__
  File "sshtunnel.py", line 1148, in _consolidate_auth
  File "sshtunnel.py", line 1093, in get_keys
AttributeError: module 'paramiko' has no attribute 'DSSKey'. Did you mean: 'RSAKey'?
2025-12-11 10:57:53,055 - INFO - Logging initialized. File: /home/hset-paing/Desktop/code_folder/python_learning/learning/LanfengSaleData/dist/app_debug.log
2025-12-11 10:58:04,070 - INFO - Connecting to SSH: 192.168.0.100:22 as pos
2025-12-11 10:58:04,072 - ERROR - Connection Failed
Traceback (most recent call last):
  File "LanfengSaleAnalysis.py", line 310, in connect_process
  File "sshtunnel.py", line 966, in __init__
  File "sshtunnel.py", line 1148, in _consolidate_auth
  File "sshtunnel.py", line 1093, in get_keys
AttributeError: module 'paramiko' has no attribute 'DSSKey'. Did you mean: 'RSAKey'?
